INFO:/home/kellen/Projects/dotfiles/.local/opt/lifelog/garmindb/.venv/lib/python3.12/site-packages/idbutils/version.py:garmindb_cli.py has been tested on Python 1...1...0
INFO:/home/kellen/Projects/dotfiles/.local/opt/lifelog/garmindb/.venv/lib/python3.12/site-packages/idbutils/version.py:garmindb_cli.py 1...1...0
INFO:/home/kellen/Projects/dotfiles/.local/opt/lifelog/garmindb/.venv/lib/python3.12/site-packages/garmindb/plugin_manager.py:Loading GarminDb plugins from /home/kellen/.HealthData/Plugins
INFO:/home/kellen/Projects/dotfiles/.local/opt/lifelog/garmindb/.venv/lib/python3.12/site-packages/idbutils/plugin.py:Loading plugins from /home/kellen/.HealthData/Plugins
INFO:root:Enabled statistics: [<Statistics.monitoring: 1>, <Statistics.steps: 2>, <Statistics.itime: 3>, <Statistics.sleep: 4>, <Statistics.rhr: 5>, <Statistics.activities: 7>]
INFO:/home/kellen/Projects/dotfiles/.local/opt/lifelog/garmindb/garmindb_cli.py:___Downloading All Data___
INFO:root:load session from /home/kellen/.GarminDb/garth_session
INFO:root:login: Kellen Kanarios (e5b4a9bb-e10a-4a87-9af5-7dbff68d15dc)
INFO:root:Fetching 1000 activities to /home/kellen/.HealthData/FitFiles/Activities
INFO:root:get_activity_types: '/home/kellen/.HealthData/FitFiles/Activities'
INFO:/home/kellen/Projects/dotfiles/.local/opt/lifelog/garmindb/.venv/lib/python3.12/site-packages/garmindb/download.py:Getting activities: '/home/kellen/.HealthData/FitFiles/Activities' (1000) temp /tmp/tmp7vrfnuap
INFO:root:get_activity_summaries
INFO:root:get_activities: Ann Arbor Running (19475963826)
INFO:root:get_activities: /home/kellen/.HealthData/FitFiles/Activities/activity_19475963826 <- {'activityId': 19475963826, 'activityName': 'Ann Arbor Running', 'startTimeLocal': '2025-06-18 18:33:16', 'startTimeGMT': '2025-06-18 22:33:16', 'activityType': {'typeId': 1, 'typeKey': 'running', 'parentTypeId': 17, 'isHidden': False, 'restricted': False, 'trimmable': True}, 'eventType': {'typeId': 9, 'typeKey': 'uncategorized', 'sortOrder': 10}, 'distance': 5808.85986328125, 'duration': 2020.0780029296875, 'elapsedDuration': 2020.0780029296875, 'movingDuration': 1997.3179931640625, 'elevationGain': 43.0, 'elevationLoss': 38.0, 'averageSpeed': 2.875999927520752, 'maxSpeed': 3.6579999923706055, 'startLatitude': 42.2822895180434, 'startLongitude': -83.74135117046535, 'hasPolyline': True, 'hasImages': False, 'ownerId': 126108710, 'ownerDisplayName': 'e5b4a9bb-e10a-4a87-9af5-7dbff68d15dc', 'ownerFullName': 'Kellen Kanarios', 'ownerProfileImageUrlSmall': 'https://s3.amazonaws.com/garmin-connect-prod/profile_images/42c73579-8b93-41d9-b19f-e8f7ceab3a54-prth.png', 'ownerProfileImageUrlMedium': 'https://s3.amazonaws.com/garmin-connect-prod/profile_images/42c73579-8b93-41d9-b19f-e8f7ceab3a54-prfr.png', 'ownerProfileImageUrlLarge': 'https://s3.amazonaws.com/garmin-connect-prod/profile_images/42c73579-8b93-41d9-b19f-e8f7ceab3a54-prof.png', 'calories': 492.0, 'bmrCalories': 54.0, 'averageHR': 171.0, 'maxHR': 189.0, 'averageRunningCadenceInStepsPerMinute': 167.75, 'maxRunningCadenceInStepsPerMinute': 177.0, 'steps': 5648, 'userRoles': ['SCOPE_GOLF_API_READ', 'SCOPE_ATP_READ', 'SCOPE_DIVE_API_WRITE', 'SCOPE_COMMUNITY_COURSE_ADMIN_READ', 'SCOPE_DIVE_API_READ', 'SCOPE_DI_OAUTH_2_CLIENT_READ', 'SCOPE_CONNECT_WRITE', 'SCOPE_COMMUNITY_COURSE_WRITE', 'SCOPE_MESSAGE_GENERATION_READ', 'SCOPE_DI_OAUTH_2_CLIENT_REVOCATION_ADMIN', 'SCOPE_CONNECT_WEB_TEMPLATE_RENDER', 'SCOPE_OMT_SUBSCRIPTION_ADMIN_READ', 'SCOPE_CONNECT_NON_SOCIAL_SHARED_READ', 'SCOPE_CONNECT_READ', 'SCOPE_DI_OAUTH_2_TOKEN_ADMIN', 'ROLE_CONNECTUSER', 'ROLE_FITNESS_USER', 'ROLE_WELLNESS_USER', 'ROLE_OUTDOOR_USER'], 'privacy': {'typeId': 2, 'typeKey': 'private'}, 'userPro': False, 'hasVideo': False, 'timeZoneId': 149, 'beginTimestamp': 1750285996000, 'sportTypeId': 1, 'avgPower': 347.0, 'maxPower': 467.0, 'aerobicTrainingEffect': 3.5999999046325684, 'anaerobicTrainingEffect': 0.0, 'normPower': 354.0, 'avgVerticalOscillation': 8.6, 'avgGroundContactTime': 271.79998779296875, 'avgStrideLength': 103.15, 'vO2MaxValue': 51.0, 'avgVerticalRatio': 8.359999656677246, 'deviceId': 3487707710, 'minElevation': 232.60000610351562, 'maxElevation': 268.79998779296875, 'maxDoubleCadence': 177.0, 'summarizedDiveInfo': {'summarizedDiveGases': []}, 'maxVerticalSpeed': 0.4000091552734375, 'manufacturer': 'GARMIN', 'locationName': 'Ann Arbor', 'lapCount': 4, 'endLatitude': 42.28233310393989, 'endLongitude': -83.74185869470239, 'waterEstimated': 556.0, 'trainingEffectLabel': 'TEMPO', 'activityTrainingLoad': 110.12455749511719, 'minActivityLapDuration': 378.4880065917969, 'aerobicTrainingEffectMessage': 'IMPACTING_TEMPO_22', 'anaerobicTrainingEffectMessage': 'NO_ANAEROBIC_BENEFIT_0', 'splitSummaries': [{'noOfSplits': 4, 'totalAscent': 0.0, 'duration': 16.0, 'splitType': 'RWD_STAND', 'numClimbSends': 0, 'maxElevationGain': 0.0, 'averageElevationGain': 0.0, 'maxDistance': 1, 'distance': 1.100000023841858, 'averageSpeed': 0.0689999982714653, 'maxSpeed': 0.0, 'numFalls': 0, 'elevationLoss': 0.0}, {'noOfSplits': 1, 'totalAscent': 43.0, 'duration': 2020.0780029296875, 'splitType': 'INTERVAL_ACTIVE', 'numClimbSends': 0, 'maxElevationGain': 43.0, 'averageElevationGain': 43.0, 'maxDistance': 5808, 'distance': 5808.85986328125, 'averageSpeed': 2.875999927520752, 'maxSpeed': 3.6579999923706055, 'numFalls': 0, 'elevationLoss': 38.0}, {'noOfSplits': 1, 'totalAscent': 43.0, 'duration': 2000.0, 'splitType': 'RWD_RUN', 'numClimbSends': 0, 'maxElevationGain': 43.0, 'averageElevationGain': 43.0, 'maxDistance': 5805, 'distance': 5805.0, 'averageSpeed': 2.9019999504089355, 'maxSpeed': 3.6579999923706055, 'numFalls': 0, 'elevationLoss': 38.0}, {'noOfSplits': 2, 'totalAscent': 0.0, 'duration': 4.063000202178955, 'splitType': 'RWD_WALK', 'numClimbSends': 0, 'maxElevationGain': 0.0, 'averageElevationGain': 0.0, 'maxDistance': 2, 'distance': 2.759999990463257, 'averageSpeed': 0.6790000200271606, 'maxSpeed': 0.335999995470047, 'numFalls': 0, 'elevationLoss': 0.0}], 'hasSplits': True, 'moderateIntensityMinutes': 1, 'vigorousIntensityMinutes': 31, 'avgGradeAdjustedSpeed': 2.9240000247955322, 'differenceBodyBattery': -8, 'hasHeatMap': False, 'fastestSplit_1000': 306.2239990234375, 'fastestSplit_1609': 509.24700927734375, 'fastestSplit_5000': 1687.93505859375, 'hrTimeInZone_1': 3.999, 'hrTimeInZone_2': 72.001, 'hrTimeInZone_3': 298.001, 'hrTimeInZone_4': 1548.48, 'hrTimeInZone_5': 80.002, 'powerTimeInZone_1': 128.998, 'powerTimeInZone_2': 1350.973, 'powerTimeInZone_3': 339.994, 'powerTimeInZone_4': 168.004, 'powerTimeInZone_5': 4.996, 'endTimeGMT': '2025-06-18 23:06:56', 'qualifyingDive': False, 'manualActivity': False, 'pr': False, 'purposeful': False, 'autoCalcCalories': False, 'elevationCorrected': False, 'atpActivity': False, 'favorite': False, 'decoDive': False, 'parent': False}
INFO:root:get_activities: Bloomfield - Base (19449558462)
INFO:root:get_activities: skipping download of 19449558462, already present
INFO:root:get_activities: Ann Arbor Running (19406008016)
INFO:root:get_activities: skipping download of 19406008016, already present
INFO:root:get_activities: Ann Arbor - Base (19325595537)
INFO:root:get_activities: skipping download of 19325595537, already present
INFO:root:get_activities: Ann Arbor Running (19022041208)
INFO:root:get_activities: skipping download of 19022041208, already present
INFO:root:get_activities: Bloomfield - Base (18815720483)
INFO:root:get_activities: skipping download of 18815720483, already present
INFO:root:get_activities: Ann Arbor - Base (18810840532)
INFO:root:get_activities: skipping download of 18810840532, already present
INFO:root:get_activities: Ann Arbor - Base (18773048182)
INFO:root:get_activities: skipping download of 18773048182, already present
INFO:root:get_activities: Ann Arbor - Base (18704544726)
INFO:root:get_activities: skipping download of 18704544726, already present
INFO:root:get_activities: Ann Arbor - Base (18684852340)
INFO:root:get_activities: skipping download of 18684852340, already present
INFO:root:get_activities: Miami Running (18427612758)
INFO:root:get_activities: skipping download of 18427612758, already present
INFO:root:get_activities: Ann Arbor - Base (18333114726)
INFO:root:get_activities: skipping download of 18333114726, already present
INFO:root:get_activities: Base (18309980343)
INFO:root:get_activities: skipping download of 18309980343, already present
INFO:root:get_activities: Base (18294358443)
INFO:root:get_activities: skipping download of 18294358443, already present
INFO:root:get_activities: Treadmill Running (18286900134)
INFO:root:get_activities: skipping download of 18286900134, already present
INFO:root:get_activities: Base (18274608462)
INFO:root:get_activities: skipping download of 18274608462, already present
INFO:root:get_activities: Base (18248197626)
INFO:root:get_activities: skipping download of 18248197626, already present
INFO:root:get_activities: Base (18141389132)
INFO:root:get_activities: skipping download of 18141389132, already present
INFO:root:get_activities: Threshold (18128937527)
INFO:root:get_activities: skipping download of 18128937527, already present
INFO:root:get_activities: Base (18106837246)
INFO:root:get_activities: skipping download of 18106837246, already present
INFO:root:get_activities: Recovery (18101282981)
INFO:root:get_activities: skipping download of 18101282981, already present
INFO:root:get_activities: Recovery (18088926253)
INFO:root:get_activities: skipping download of 18088926253, already present
INFO:root:get_activities: Base (18085266793)
INFO:root:get_activities: skipping download of 18085266793, already present
INFO:root:get_activities: Base (18067574743)
INFO:root:get_activities: skipping download of 18067574743, already present
INFO:root:get_activities: Base (18046209314)
INFO:root:get_activities: skipping download of 18046209314, already present
INFO:root:get_activities: Base (18039771818)
INFO:root:get_activities: skipping download of 18039771818, already present
INFO:root:get_activities: Base (18031048755)
INFO:root:get_activities: skipping download of 18031048755, already present
INFO:root:get_activities: Treadmill Running (18014695288)
INFO:root:get_activities: skipping download of 18014695288, already present
INFO:root:get_activities: Treadmill Running (17674967439)
INFO:root:get_activities: skipping download of 17674967439, already present
INFO:root:get_activities: Benchmark Run (17659484422)
INFO:root:get_activities: skipping download of 17659484422, already present
INFO:root:get_activities: Treadmill Running (17622888796)
INFO:root:get_activities: skipping download of 17622888796, already present
INFO:root:get_activities: Ann Arbor - Easy Run (17607268207)
INFO:root:get_activities: skipping download of 17607268207, already present
INFO:root:get_activities: Goal Pace Run (17600745185)
INFO:root:get_activities: skipping download of 17600745185, already present
INFO:root:get_activities: Treadmill Running (17575258834)
INFO:root:get_activities: skipping download of 17575258834, already present
INFO:root:get_activities: Treadmill Running (17524741804)
INFO:root:get_activities: skipping download of 17524741804, already present
INFO:root:get_activities: Easy Run (17499842709)
INFO:root:get_activities: skipping download of 17499842709, already present
INFO:root:get_activities: Strength (17499726852)
INFO:root:get_activities: skipping download of 17499726852, already present
INFO:root:get_activities: Strength (17476064931)
INFO:root:get_activities: skipping download of 17476064931, already present
INFO:root:get_activities: Treadmill Running (17467973338)
INFO:root:get_activities: skipping download of 17467973338, already present
INFO:root:get_activities: Strength (17467743887)
INFO:root:get_activities: skipping download of 17467743887, already present
INFO:root:get_activities: Strength (17459787961)
INFO:root:get_activities: skipping download of 17459787961, already present
INFO:root:get_activities: Easy Run (17449497518)
INFO:root:get_activities: skipping download of 17449497518, already present
INFO:root:get_activities: Treadmill Running (17431398734)
INFO:root:get_activities: skipping download of 17431398734, already present
INFO:root:get_activities: Treadmill Running (17406754529)
INFO:root:get_activities: skipping download of 17406754529, already present
INFO:root:get_activities: Treadmill Running (17392527660)
INFO:root:get_activities: skipping download of 17392527660, already present
INFO:root:get_activities: Ann Arbor - Easy Run (17384862884)
INFO:root:get_activities: skipping download of 17384862884, already present
INFO:root:get_activities: Strength (17361166859)
INFO:root:get_activities: skipping download of 17361166859, already present
INFO:root:get_activities: Strength (17353241336)
INFO:root:get_activities: skipping download of 17353241336, already present
INFO:root:get_activities: Strength (17344073562)
INFO:root:get_activities: skipping download of 17344073562, already present
INFO:root:get_activities: Long Easy Run (17333976949)
INFO:root:get_activities: skipping download of 17333976949, already present
INFO:root:get_activities: Strength (17319274154)
INFO:root:get_activities: skipping download of 17319274154, already present
INFO:root:get_activities: Treadmill Running (17315531099)
INFO:root:get_activities: skipping download of 17315531099, already present
INFO:root:get_activities: Goal Pace Run (17308198203)
INFO:root:get_activities: skipping download of 17308198203, already present
INFO:root:get_activities: Ann Arbor Running (17299640288)
INFO:root:get_activities: skipping download of 17299640288, already present
INFO:root:get_activities: Ann Arbor - Easy Run (17200622894)
INFO:root:get_activities: skipping download of 17200622894, already present
INFO:root:get_activities: Ann Arbor - Easy Run (17193104109)
INFO:root:get_activities: skipping download of 17193104109, already present
INFO:root:get_activities: Ann Arbor - Benchmark Run (17176025316)
INFO:root:get_activities: skipping download of 17176025316, already present
INFO:root:get_activities: Ann Arbor Running (17161413828)
INFO:root:get_activities: skipping download of 17161413828, already present
INFO:root:unzip_files: from /tmp/tmp7vrfnuap to /home/kellen/.HealthData/FitFiles/Activities
INFO:/home/kellen/Projects/dotfiles/.local/opt/lifelog/garmindb/garmindb_cli.py:Downloading all monitoring data from: 2024-12-31 [173]
INFO:root:Date range to update: 2024-12-31 (173) to /home/kellen/.HealthData/FitFiles/Monitoring
INFO:root:Getting daily summaries: 2024-12-31 (173)
INFO:root:get_summary_day: 2024-12-31
INFO:root:get_summary_day: 2025-01-01
INFO:root:get_summary_day: 2025-01-02
INFO:root:get_summary_day: 2025-01-03
INFO:root:get_summary_day: 2025-01-04
INFO:root:get_summary_day: 2025-01-05
INFO:root:get_summary_day: 2025-01-06
INFO:root:get_summary_day: 2025-01-07
INFO:root:get_summary_day: 2025-01-08
INFO:root:get_summary_day: 2025-01-09
INFO:root:get_summary_day: 2025-01-10
INFO:root:get_summary_day: 2025-01-11
INFO:root:get_summary_day: 2025-01-12
INFO:root:get_summary_day: 2025-01-13
INFO:root:get_summary_day: 2025-01-14
INFO:root:get_summary_day: 2025-01-15
INFO:root:get_summary_day: 2025-01-16
INFO:root:get_summary_day: 2025-01-17
INFO:root:get_summary_day: 2025-01-18
INFO:root:get_summary_day: 2025-01-19
INFO:root:get_summary_day: 2025-01-20
INFO:root:get_summary_day: 2025-01-21
INFO:root:get_summary_day: 2025-01-22
INFO:root:get_summary_day: 2025-01-23
INFO:root:get_summary_day: 2025-01-24
INFO:root:get_summary_day: 2025-01-25
INFO:root:get_summary_day: 2025-01-26
INFO:root:get_summary_day: 2025-01-27
INFO:root:get_summary_day: 2025-01-28
INFO:root:get_summary_day: 2025-01-29
INFO:root:get_summary_day: 2025-01-30
INFO:root:get_summary_day: 2025-01-31
INFO:root:get_summary_day: 2025-02-01
INFO:root:get_summary_day: 2025-02-02
INFO:root:get_summary_day: 2025-02-03
INFO:root:get_summary_day: 2025-02-04
INFO:root:get_summary_day: 2025-02-05
INFO:root:get_summary_day: 2025-02-06
INFO:root:get_summary_day: 2025-02-07
INFO:root:get_summary_day: 2025-02-08
INFO:root:get_summary_day: 2025-02-09
INFO:root:get_summary_day: 2025-02-10
INFO:root:get_summary_day: 2025-02-11
INFO:root:get_summary_day: 2025-02-12
INFO:root:get_summary_day: 2025-02-13
INFO:root:get_summary_day: 2025-02-14
INFO:root:get_summary_day: 2025-02-15
INFO:root:get_summary_day: 2025-02-16
INFO:root:get_summary_day: 2025-02-17
INFO:root:get_summary_day: 2025-02-18
INFO:root:get_summary_day: 2025-02-19
INFO:root:get_summary_day: 2025-02-20
INFO:root:get_summary_day: 2025-02-21
INFO:root:get_summary_day: 2025-02-22
INFO:root:get_summary_day: 2025-02-23
INFO:root:get_summary_day: 2025-02-24
INFO:root:get_summary_day: 2025-02-25
INFO:root:get_summary_day: 2025-02-26
INFO:root:get_summary_day: 2025-02-27
INFO:root:get_summary_day: 2025-02-28
INFO:root:get_summary_day: 2025-03-01
INFO:root:get_summary_day: 2025-03-02
INFO:root:get_summary_day: 2025-03-03
INFO:root:get_summary_day: 2025-03-04
INFO:root:get_summary_day: 2025-03-05
INFO:root:get_summary_day: 2025-03-06
INFO:root:get_summary_day: 2025-03-07
INFO:root:get_summary_day: 2025-03-08
INFO:root:get_summary_day: 2025-03-09
INFO:root:get_summary_day: 2025-03-10
INFO:root:get_summary_day: 2025-03-11
INFO:root:get_summary_day: 2025-03-12
INFO:root:get_summary_day: 2025-03-13
INFO:root:get_summary_day: 2025-03-14
INFO:root:get_summary_day: 2025-03-15
INFO:root:get_summary_day: 2025-03-16
INFO:root:get_summary_day: 2025-03-17
INFO:root:get_summary_day: 2025-03-18
INFO:root:get_summary_day: 2025-03-19
INFO:root:get_summary_day: 2025-03-20
INFO:root:get_summary_day: 2025-03-21
INFO:root:get_summary_day: 2025-03-22
INFO:root:get_summary_day: 2025-03-23
INFO:root:get_summary_day: 2025-03-24
INFO:root:get_summary_day: 2025-03-25
INFO:root:get_summary_day: 2025-03-26
INFO:root:get_summary_day: 2025-03-27
INFO:root:get_summary_day: 2025-03-28
INFO:root:get_summary_day: 2025-03-29
INFO:root:get_summary_day: 2025-03-30
INFO:root:get_summary_day: 2025-03-31
INFO:root:get_summary_day: 2025-04-01
INFO:root:get_summary_day: 2025-04-02
INFO:root:get_summary_day: 2025-04-03
INFO:root:get_summary_day: 2025-04-04
INFO:root:get_summary_day: 2025-04-05
INFO:root:get_summary_day: 2025-04-06
INFO:root:get_summary_day: 2025-04-07
INFO:root:get_summary_day: 2025-04-08
INFO:root:get_summary_day: 2025-04-09
INFO:root:get_summary_day: 2025-04-10
INFO:root:get_summary_day: 2025-04-11
INFO:root:get_summary_day: 2025-04-12
INFO:root:get_summary_day: 2025-04-13
INFO:root:get_summary_day: 2025-04-14
INFO:root:get_summary_day: 2025-04-15
INFO:root:get_summary_day: 2025-04-16
INFO:root:get_summary_day: 2025-04-17
INFO:root:get_summary_day: 2025-04-18
INFO:root:get_summary_day: 2025-04-19
INFO:root:get_summary_day: 2025-04-20
INFO:root:get_summary_day: 2025-04-21
INFO:root:get_summary_day: 2025-04-22
INFO:root:get_summary_day: 2025-04-23
INFO:root:get_summary_day: 2025-04-24
INFO:root:get_summary_day: 2025-04-25
INFO:root:get_summary_day: 2025-04-26
INFO:root:get_summary_day: 2025-04-27
INFO:root:get_summary_day: 2025-04-28
INFO:root:get_summary_day: 2025-04-29
INFO:root:get_summary_day: 2025-04-30
INFO:root:get_summary_day: 2025-05-01
INFO:root:get_summary_day: 2025-05-02
INFO:root:get_summary_day: 2025-05-03
INFO:root:get_summary_day: 2025-05-04
INFO:root:get_summary_day: 2025-05-05
INFO:root:get_summary_day: 2025-05-06
INFO:root:get_summary_day: 2025-05-07
INFO:root:get_summary_day: 2025-05-08
INFO:root:get_summary_day: 2025-05-09
INFO:root:get_summary_day: 2025-05-10
INFO:root:get_summary_day: 2025-05-11
INFO:root:get_summary_day: 2025-05-12
INFO:root:get_summary_day: 2025-05-13
INFO:root:get_summary_day: 2025-05-14
INFO:root:get_summary_day: 2025-05-15
INFO:root:get_summary_day: 2025-05-16
INFO:root:get_summary_day: 2025-05-17
INFO:root:get_summary_day: 2025-05-18
INFO:root:get_summary_day: 2025-05-19
INFO:root:get_summary_day: 2025-05-20
INFO:root:get_summary_day: 2025-05-21
INFO:root:get_summary_day: 2025-05-22
INFO:root:get_summary_day: 2025-05-23
INFO:root:get_summary_day: 2025-05-24
INFO:root:get_summary_day: 2025-05-25
INFO:root:get_summary_day: 2025-05-26
INFO:root:get_summary_day: 2025-05-27
INFO:root:get_summary_day: 2025-05-28
INFO:root:get_summary_day: 2025-05-29
INFO:root:get_summary_day: 2025-05-30
INFO:root:get_summary_day: 2025-05-31
INFO:root:get_summary_day: 2025-06-01
INFO:root:get_summary_day: 2025-06-02
INFO:root:get_summary_day: 2025-06-03
INFO:root:get_summary_day: 2025-06-04
INFO:root:get_summary_day: 2025-06-05
INFO:root:get_summary_day: 2025-06-06
INFO:root:get_summary_day: 2025-06-07
INFO:root:get_summary_day: 2025-06-08
INFO:root:get_summary_day: 2025-06-09
INFO:root:get_summary_day: 2025-06-10
INFO:root:get_summary_day: 2025-06-11
INFO:root:get_summary_day: 2025-06-12
INFO:root:get_summary_day: 2025-06-13
INFO:root:get_summary_day: 2025-06-14
INFO:root:get_summary_day: 2025-06-15
INFO:root:get_summary_day: 2025-06-16
INFO:root:get_summary_day: 2025-06-17
INFO:root:get_summary_day: 2025-06-18
INFO:root:get_summary_day: 2025-06-19
INFO:root:get_summary_day: 2025-06-20
INFO:root:get_summary_day: 2025-06-21
INFO:root:Getting hydration: 2024-12-31 (173)
INFO:root:Getting monitoring: 2024-12-31 (173)
INFO:root:get_monitoring_day: 2024-12-31 to /tmp/tmpx950yust
INFO:root:unzip_files: from /tmp/tmpx950yust to /home/kellen/.HealthData/FitFiles/Monitoring/2024
INFO:root:get_monitoring_day: 2025-01-01 to /tmp/tmpbkh30xir
INFO:root:unzip_files: from /tmp/tmpbkh30xir to /home/kellen/.HealthData/FitFiles/Monitoring/2025
INFO:root:get_monitoring_day: 2025-01-02 to /tmp/tmpdwozmpif
INFO:root:unzip_files: from /tmp/tmpdwozmpif to /home/kellen/.HealthData/FitFiles/Monitoring/2025
INFO:root:get_monitoring_day: 2025-01-03 to /tmp/tmpw8cqvtop
INFO:root:unzip_files: from /tmp/tmpw8cqvtop to /home/kellen/.HealthData/FitFiles/Monitoring/2025
INFO:root:get_monitoring_day: 2025-01-04 to /tmp/tmpfg01k37r
INFO:root:unzip_files: from /tmp/tmpfg01k37r to /home/kellen/.HealthData/FitFiles/Monitoring/2025
INFO:root:get_monitoring_day: 2025-01-05 to /tmp/tmplam4i2f8
INFO:root:unzip_files: from /tmp/tmplam4i2f8 to /home/kellen/.HealthData/FitFiles/Monitoring/2025
INFO:root:get_monitoring_day: 2025-01-06 to /tmp/tmpcwq7n2io
INFO:root:unzip_files: from /tmp/tmpcwq7n2io to /home/kellen/.HealthData/FitFiles/Monitoring/2025
INFO:root:get_monitoring_day: 2025-01-07 to /tmp/tmp8w2xt6l_
INFO:root:unzip_files: from /tmp/tmp8w2xt6l_ to /home/kellen/.HealthData/FitFiles/Monitoring/2025
INFO:root:get_monitoring_day: 2025-01-08 to /tmp/tmpxinvp9qa
INFO:root:unzip_files: from /tmp/tmpxinvp9qa to /home/kellen/.HealthData/FitFiles/Monitoring/2025
INFO:root:get_monitoring_day: 2025-01-09 to /tmp/tmp7h26no9u
INFO:root:unzip_files: from /tmp/tmp7h26no9u to /home/kellen/.HealthData/FitFiles/Monitoring/2025
INFO:root:get_monitoring_day: 2025-01-10 to /tmp/tmpmh0avj_v
INFO:root:unzip_files: from /tmp/tmpmh0avj_v to /home/kellen/.HealthData/FitFiles/Monitoring/2025
INFO:root:get_monitoring_day: 2025-01-11 to /tmp/tmp9q_pafrg
INFO:root:unzip_files: from /tmp/tmp9q_pafrg to /home/kellen/.HealthData/FitFiles/Monitoring/2025
INFO:root:get_monitoring_day: 2025-01-12 to /tmp/tmpyo6g5iwa
INFO:root:unzip_files: from /tmp/tmpyo6g5iwa to /home/kellen/.HealthData/FitFiles/Monitoring/2025
INFO:root:get_monitoring_day: 2025-01-13 to /tmp/tmp0fzv1g95
INFO:root:unzip_files: from /tmp/tmp0fzv1g95 to /home/kellen/.HealthData/FitFiles/Monitoring/2025
INFO:root:get_monitoring_day: 2025-01-14 to /tmp/tmpnpgcx17t
INFO:root:unzip_files: from /tmp/tmpnpgcx17t to /home/kellen/.HealthData/FitFiles/Monitoring/2025
INFO:root:get_monitoring_day: 2025-01-15 to /tmp/tmp_gkct932
INFO:root:unzip_files: from /tmp/tmp_gkct932 to /home/kellen/.HealthData/FitFiles/Monitoring/2025
INFO:root:get_monitoring_day: 2025-01-16 to /tmp/tmpbz1ewewu
INFO:root:unzip_files: from /tmp/tmpbz1ewewu to /home/kellen/.HealthData/FitFiles/Monitoring/2025
INFO:root:get_monitoring_day: 2025-01-17 to /tmp/tmpncmp6m5m
INFO:root:unzip_files: from /tmp/tmpncmp6m5m to /home/kellen/.HealthData/FitFiles/Monitoring/2025
INFO:root:get_monitoring_day: 2025-01-18 to /tmp/tmpem3zt689
INFO:root:unzip_files: from /tmp/tmpem3zt689 to /home/kellen/.HealthData/FitFiles/Monitoring/2025
INFO:root:get_monitoring_day: 2025-01-19 to /tmp/tmpp_4y1svr
INFO:root:unzip_files: from /tmp/tmpp_4y1svr to /home/kellen/.HealthData/FitFiles/Monitoring/2025
INFO:root:get_monitoring_day: 2025-01-20 to /tmp/tmpamdgnvf_
INFO:root:unzip_files: from /tmp/tmpamdgnvf_ to /home/kellen/.HealthData/FitFiles/Monitoring/2025
INFO:root:get_monitoring_day: 2025-01-21 to /tmp/tmp9ao5cn4p
INFO:root:unzip_files: from /tmp/tmp9ao5cn4p to /home/kellen/.HealthData/FitFiles/Monitoring/2025
INFO:root:get_monitoring_day: 2025-01-22 to /tmp/tmpq_qt3zwq
INFO:root:unzip_files: from /tmp/tmpq_qt3zwq to /home/kellen/.HealthData/FitFiles/Monitoring/2025
INFO:root:get_monitoring_day: 2025-01-23 to /tmp/tmpo7vj1iqy
INFO:root:unzip_files: from /tmp/tmpo7vj1iqy to /home/kellen/.HealthData/FitFiles/Monitoring/2025
INFO:root:get_monitoring_day: 2025-01-24 to /tmp/tmpd38wh6cl
INFO:root:unzip_files: from /tmp/tmpd38wh6cl to /home/kellen/.HealthData/FitFiles/Monitoring/2025
INFO:root:get_monitoring_day: 2025-01-25 to /tmp/tmpmv9vvwvr
INFO:root:unzip_files: from /tmp/tmpmv9vvwvr to /home/kellen/.HealthData/FitFiles/Monitoring/2025
INFO:root:get_monitoring_day: 2025-01-26 to /tmp/tmpfju9hxd0
INFO:root:unzip_files: from /tmp/tmpfju9hxd0 to /home/kellen/.HealthData/FitFiles/Monitoring/2025
INFO:root:get_monitoring_day: 2025-01-27 to /tmp/tmp1dc_oq0p
INFO:root:unzip_files: from /tmp/tmp1dc_oq0p to /home/kellen/.HealthData/FitFiles/Monitoring/2025
INFO:root:get_monitoring_day: 2025-01-28 to /tmp/tmpqaqny2e6
INFO:root:unzip_files: from /tmp/tmpqaqny2e6 to /home/kellen/.HealthData/FitFiles/Monitoring/2025
INFO:root:get_monitoring_day: 2025-01-29 to /tmp/tmpd7wnw_0b
INFO:root:unzip_files: from /tmp/tmpd7wnw_0b to /home/kellen/.HealthData/FitFiles/Monitoring/2025
INFO:root:get_monitoring_day: 2025-01-30 to /tmp/tmprmxhr1jn
INFO:root:unzip_files: from /tmp/tmprmxhr1jn to /home/kellen/.HealthData/FitFiles/Monitoring/2025
INFO:root:get_monitoring_day: 2025-01-31 to /tmp/tmpbw1gh6sq
INFO:root:unzip_files: from /tmp/tmpbw1gh6sq to /home/kellen/.HealthData/FitFiles/Monitoring/2025
INFO:root:get_monitoring_day: 2025-02-01 to /tmp/tmplhf5euy1
INFO:root:unzip_files: from /tmp/tmplhf5euy1 to /home/kellen/.HealthData/FitFiles/Monitoring/2025
INFO:root:get_monitoring_day: 2025-02-02 to /tmp/tmphwv2bmak
INFO:root:unzip_files: from /tmp/tmphwv2bmak to /home/kellen/.HealthData/FitFiles/Monitoring/2025
INFO:root:get_monitoring_day: 2025-02-03 to /tmp/tmp1v9p3qzo
INFO:root:unzip_files: from /tmp/tmp1v9p3qzo to /home/kellen/.HealthData/FitFiles/Monitoring/2025
INFO:root:get_monitoring_day: 2025-02-04 to /tmp/tmp9wj6bmp2
INFO:root:unzip_files: from /tmp/tmp9wj6bmp2 to /home/kellen/.HealthData/FitFiles/Monitoring/2025
INFO:root:get_monitoring_day: 2025-02-05 to /tmp/tmpomrhl3f0
INFO:root:unzip_files: from /tmp/tmpomrhl3f0 to /home/kellen/.HealthData/FitFiles/Monitoring/2025
INFO:root:get_monitoring_day: 2025-02-06 to /tmp/tmpx9k2p9ad
INFO:root:unzip_files: from /tmp/tmpx9k2p9ad to /home/kellen/.HealthData/FitFiles/Monitoring/2025
INFO:root:get_monitoring_day: 2025-02-07 to /tmp/tmphnlro8sp
INFO:root:unzip_files: from /tmp/tmphnlro8sp to /home/kellen/.HealthData/FitFiles/Monitoring/2025
INFO:root:get_monitoring_day: 2025-02-08 to /tmp/tmp0mosfy_4
INFO:root:unzip_files: from /tmp/tmp0mosfy_4 to /home/kellen/.HealthData/FitFiles/Monitoring/2025
INFO:root:get_monitoring_day: 2025-02-09 to /tmp/tmpc03nbo4d
INFO:root:unzip_files: from /tmp/tmpc03nbo4d to /home/kellen/.HealthData/FitFiles/Monitoring/2025
INFO:root:get_monitoring_day: 2025-02-10 to /tmp/tmp3x6tg8zk
INFO:root:unzip_files: from /tmp/tmp3x6tg8zk to /home/kellen/.HealthData/FitFiles/Monitoring/2025
INFO:root:get_monitoring_day: 2025-02-11 to /tmp/tmp9s_erh1c
INFO:root:unzip_files: from /tmp/tmp9s_erh1c to /home/kellen/.HealthData/FitFiles/Monitoring/2025
INFO:root:get_monitoring_day: 2025-02-12 to /tmp/tmpoedb3gt_
INFO:root:unzip_files: from /tmp/tmpoedb3gt_ to /home/kellen/.HealthData/FitFiles/Monitoring/2025
INFO:root:get_monitoring_day: 2025-02-13 to /tmp/tmpelr13755
INFO:root:unzip_files: from /tmp/tmpelr13755 to /home/kellen/.HealthData/FitFiles/Monitoring/2025
INFO:root:get_monitoring_day: 2025-02-14 to /tmp/tmpw7etk8_d
INFO:root:unzip_files: from /tmp/tmpw7etk8_d to /home/kellen/.HealthData/FitFiles/Monitoring/2025
INFO:root:get_monitoring_day: 2025-02-15 to /tmp/tmpqigqjrov
INFO:root:unzip_files: from /tmp/tmpqigqjrov to /home/kellen/.HealthData/FitFiles/Monitoring/2025
INFO:root:get_monitoring_day: 2025-02-16 to /tmp/tmpe46m9kes
INFO:root:unzip_files: from /tmp/tmpe46m9kes to /home/kellen/.HealthData/FitFiles/Monitoring/2025
INFO:root:get_monitoring_day: 2025-02-17 to /tmp/tmpkjwzstud
INFO:root:unzip_files: from /tmp/tmpkjwzstud to /home/kellen/.HealthData/FitFiles/Monitoring/2025
INFO:root:get_monitoring_day: 2025-02-18 to /tmp/tmp0xf7sek_
INFO:root:unzip_files: from /tmp/tmp0xf7sek_ to /home/kellen/.HealthData/FitFiles/Monitoring/2025
INFO:root:get_monitoring_day: 2025-02-19 to /tmp/tmp2jcqjwn9
INFO:root:unzip_files: from /tmp/tmp2jcqjwn9 to /home/kellen/.HealthData/FitFiles/Monitoring/2025
INFO:root:get_monitoring_day: 2025-02-20 to /tmp/tmp_lox0dg0
INFO:root:unzip_files: from /tmp/tmp_lox0dg0 to /home/kellen/.HealthData/FitFiles/Monitoring/2025
INFO:root:get_monitoring_day: 2025-02-21 to /tmp/tmp9af2m989
INFO:root:unzip_files: from /tmp/tmp9af2m989 to /home/kellen/.HealthData/FitFiles/Monitoring/2025
INFO:root:get_monitoring_day: 2025-02-22 to /tmp/tmpk55uors2
INFO:root:unzip_files: from /tmp/tmpk55uors2 to /home/kellen/.HealthData/FitFiles/Monitoring/2025
INFO:root:get_monitoring_day: 2025-02-23 to /tmp/tmp8xpv_60m
INFO:root:unzip_files: from /tmp/tmp8xpv_60m to /home/kellen/.HealthData/FitFiles/Monitoring/2025
INFO:root:get_monitoring_day: 2025-02-24 to /tmp/tmpsjv2xr_s
INFO:root:unzip_files: from /tmp/tmpsjv2xr_s to /home/kellen/.HealthData/FitFiles/Monitoring/2025
INFO:root:get_monitoring_day: 2025-02-25 to /tmp/tmpozh1jhot
INFO:root:unzip_files: from /tmp/tmpozh1jhot to /home/kellen/.HealthData/FitFiles/Monitoring/2025
INFO:root:get_monitoring_day: 2025-02-26 to /tmp/tmpj9n9q3nn
INFO:root:unzip_files: from /tmp/tmpj9n9q3nn to /home/kellen/.HealthData/FitFiles/Monitoring/2025
INFO:root:get_monitoring_day: 2025-02-27 to /tmp/tmpwk8qk307
INFO:root:unzip_files: from /tmp/tmpwk8qk307 to /home/kellen/.HealthData/FitFiles/Monitoring/2025
INFO:root:get_monitoring_day: 2025-02-28 to /tmp/tmpz88a9948
INFO:root:unzip_files: from /tmp/tmpz88a9948 to /home/kellen/.HealthData/FitFiles/Monitoring/2025
INFO:root:get_monitoring_day: 2025-03-01 to /tmp/tmpnrk33s4_
INFO:root:unzip_files: from /tmp/tmpnrk33s4_ to /home/kellen/.HealthData/FitFiles/Monitoring/2025
INFO:root:get_monitoring_day: 2025-03-02 to /tmp/tmph4b_rpwb
INFO:root:unzip_files: from /tmp/tmph4b_rpwb to /home/kellen/.HealthData/FitFiles/Monitoring/2025
INFO:root:get_monitoring_day: 2025-03-03 to /tmp/tmpa59vu7zm
INFO:root:unzip_files: from /tmp/tmpa59vu7zm to /home/kellen/.HealthData/FitFiles/Monitoring/2025
INFO:root:get_monitoring_day: 2025-03-04 to /tmp/tmp6xq3nfm5
INFO:root:unzip_files: from /tmp/tmp6xq3nfm5 to /home/kellen/.HealthData/FitFiles/Monitoring/2025
INFO:root:get_monitoring_day: 2025-03-05 to /tmp/tmpoi_n7bis
INFO:root:unzip_files: from /tmp/tmpoi_n7bis to /home/kellen/.HealthData/FitFiles/Monitoring/2025
INFO:root:get_monitoring_day: 2025-03-06 to /tmp/tmp0lbvep4c
INFO:root:unzip_files: from /tmp/tmp0lbvep4c to /home/kellen/.HealthData/FitFiles/Monitoring/2025
INFO:root:get_monitoring_day: 2025-03-07 to /tmp/tmp3pa_f1b2
INFO:root:unzip_files: from /tmp/tmp3pa_f1b2 to /home/kellen/.HealthData/FitFiles/Monitoring/2025
INFO:root:get_monitoring_day: 2025-03-08 to /tmp/tmp5cdia01h
INFO:root:unzip_files: from /tmp/tmp5cdia01h to /home/kellen/.HealthData/FitFiles/Monitoring/2025
INFO:root:get_monitoring_day: 2025-03-09 to /tmp/tmppzzi31dy
INFO:root:unzip_files: from /tmp/tmppzzi31dy to /home/kellen/.HealthData/FitFiles/Monitoring/2025
INFO:root:get_monitoring_day: 2025-03-10 to /tmp/tmplxma8isx
INFO:root:unzip_files: from /tmp/tmplxma8isx to /home/kellen/.HealthData/FitFiles/Monitoring/2025
INFO:root:get_monitoring_day: 2025-03-11 to /tmp/tmpfyr9tf67
INFO:root:unzip_files: from /tmp/tmpfyr9tf67 to /home/kellen/.HealthData/FitFiles/Monitoring/2025
INFO:root:get_monitoring_day: 2025-03-12 to /tmp/tmp0jqwr78h
INFO:root:unzip_files: from /tmp/tmp0jqwr78h to /home/kellen/.HealthData/FitFiles/Monitoring/2025
INFO:root:get_monitoring_day: 2025-03-13 to /tmp/tmpjm7g__c9
INFO:root:unzip_files: from /tmp/tmpjm7g__c9 to /home/kellen/.HealthData/FitFiles/Monitoring/2025
INFO:root:get_monitoring_day: 2025-03-14 to /tmp/tmpl_oiju33
INFO:root:unzip_files: from /tmp/tmpl_oiju33 to /home/kellen/.HealthData/FitFiles/Monitoring/2025
INFO:root:get_monitoring_day: 2025-03-15 to /tmp/tmpkrk3crap
INFO:root:unzip_files: from /tmp/tmpkrk3crap to /home/kellen/.HealthData/FitFiles/Monitoring/2025
INFO:root:get_monitoring_day: 2025-03-16 to /tmp/tmphelda6cu
INFO:root:unzip_files: from /tmp/tmphelda6cu to /home/kellen/.HealthData/FitFiles/Monitoring/2025
INFO:root:get_monitoring_day: 2025-03-17 to /tmp/tmpj9a4c3ij
INFO:root:unzip_files: from /tmp/tmpj9a4c3ij to /home/kellen/.HealthData/FitFiles/Monitoring/2025
INFO:root:get_monitoring_day: 2025-03-18 to /tmp/tmpvcuj7xzs
INFO:root:unzip_files: from /tmp/tmpvcuj7xzs to /home/kellen/.HealthData/FitFiles/Monitoring/2025
INFO:root:get_monitoring_day: 2025-03-19 to /tmp/tmpe4f_6x23
INFO:root:unzip_files: from /tmp/tmpe4f_6x23 to /home/kellen/.HealthData/FitFiles/Monitoring/2025
INFO:root:get_monitoring_day: 2025-03-20 to /tmp/tmprmg4dk9w
INFO:root:unzip_files: from /tmp/tmprmg4dk9w to /home/kellen/.HealthData/FitFiles/Monitoring/2025
INFO:root:get_monitoring_day: 2025-03-21 to /tmp/tmpd38jut3a
INFO:root:unzip_files: from /tmp/tmpd38jut3a to /home/kellen/.HealthData/FitFiles/Monitoring/2025
INFO:root:get_monitoring_day: 2025-03-22 to /tmp/tmphhw8fc27
INFO:root:unzip_files: from /tmp/tmphhw8fc27 to /home/kellen/.HealthData/FitFiles/Monitoring/2025
INFO:root:get_monitoring_day: 2025-03-23 to /tmp/tmpm_q44b9e
INFO:root:unzip_files: from /tmp/tmpm_q44b9e to /home/kellen/.HealthData/FitFiles/Monitoring/2025
INFO:root:get_monitoring_day: 2025-03-24 to /tmp/tmput0qi0b0
INFO:root:unzip_files: from /tmp/tmput0qi0b0 to /home/kellen/.HealthData/FitFiles/Monitoring/2025
INFO:root:get_monitoring_day: 2025-03-25 to /tmp/tmp1c9mt3pf
INFO:root:unzip_files: from /tmp/tmp1c9mt3pf to /home/kellen/.HealthData/FitFiles/Monitoring/2025
INFO:root:get_monitoring_day: 2025-03-26 to /tmp/tmp6y95dp2n
INFO:root:unzip_files: from /tmp/tmp6y95dp2n to /home/kellen/.HealthData/FitFiles/Monitoring/2025
INFO:root:get_monitoring_day: 2025-03-27 to /tmp/tmp3te52usb
INFO:root:unzip_files: from /tmp/tmp3te52usb to /home/kellen/.HealthData/FitFiles/Monitoring/2025
INFO:root:get_monitoring_day: 2025-03-28 to /tmp/tmps7qa7zg0
INFO:root:unzip_files: from /tmp/tmps7qa7zg0 to /home/kellen/.HealthData/FitFiles/Monitoring/2025
INFO:root:get_monitoring_day: 2025-03-29 to /tmp/tmp27d0fwkm
INFO:root:unzip_files: from /tmp/tmp27d0fwkm to /home/kellen/.HealthData/FitFiles/Monitoring/2025
INFO:root:get_monitoring_day: 2025-03-30 to /tmp/tmpces02g4e
INFO:root:unzip_files: from /tmp/tmpces02g4e to /home/kellen/.HealthData/FitFiles/Monitoring/2025
INFO:root:get_monitoring_day: 2025-03-31 to /tmp/tmpmbnk5st7
INFO:root:unzip_files: from /tmp/tmpmbnk5st7 to /home/kellen/.HealthData/FitFiles/Monitoring/2025
INFO:root:get_monitoring_day: 2025-04-01 to /tmp/tmpruu2eoon
INFO:root:unzip_files: from /tmp/tmpruu2eoon to /home/kellen/.HealthData/FitFiles/Monitoring/2025
INFO:root:get_monitoring_day: 2025-04-02 to /tmp/tmpda7atzov
INFO:root:unzip_files: from /tmp/tmpda7atzov to /home/kellen/.HealthData/FitFiles/Monitoring/2025
INFO:root:get_monitoring_day: 2025-04-03 to /tmp/tmpuoiq3scy
INFO:root:unzip_files: from /tmp/tmpuoiq3scy to /home/kellen/.HealthData/FitFiles/Monitoring/2025
INFO:root:get_monitoring_day: 2025-04-04 to /tmp/tmpb_zoshjb
INFO:root:unzip_files: from /tmp/tmpb_zoshjb to /home/kellen/.HealthData/FitFiles/Monitoring/2025
INFO:root:get_monitoring_day: 2025-04-05 to /tmp/tmpdbhze8y7
INFO:root:unzip_files: from /tmp/tmpdbhze8y7 to /home/kellen/.HealthData/FitFiles/Monitoring/2025
INFO:root:get_monitoring_day: 2025-04-06 to /tmp/tmpj7d6qbi6
INFO:root:unzip_files: from /tmp/tmpj7d6qbi6 to /home/kellen/.HealthData/FitFiles/Monitoring/2025
INFO:root:get_monitoring_day: 2025-04-07 to /tmp/tmptoro7cs4
INFO:root:unzip_files: from /tmp/tmptoro7cs4 to /home/kellen/.HealthData/FitFiles/Monitoring/2025
INFO:root:get_monitoring_day: 2025-04-08 to /tmp/tmpkeboil2l
INFO:root:unzip_files: from /tmp/tmpkeboil2l to /home/kellen/.HealthData/FitFiles/Monitoring/2025
INFO:root:get_monitoring_day: 2025-04-09 to /tmp/tmpjboyigyd
INFO:root:unzip_files: from /tmp/tmpjboyigyd to /home/kellen/.HealthData/FitFiles/Monitoring/2025
INFO:root:get_monitoring_day: 2025-04-10 to /tmp/tmpb2fbpe48
INFO:root:unzip_files: from /tmp/tmpb2fbpe48 to /home/kellen/.HealthData/FitFiles/Monitoring/2025
INFO:root:get_monitoring_day: 2025-04-11 to /tmp/tmpg94ol7ha
INFO:root:unzip_files: from /tmp/tmpg94ol7ha to /home/kellen/.HealthData/FitFiles/Monitoring/2025
INFO:root:get_monitoring_day: 2025-04-12 to /tmp/tmp6jbludut
INFO:root:unzip_files: from /tmp/tmp6jbludut to /home/kellen/.HealthData/FitFiles/Monitoring/2025
INFO:root:get_monitoring_day: 2025-04-13 to /tmp/tmp_wgpdn38
INFO:root:unzip_files: from /tmp/tmp_wgpdn38 to /home/kellen/.HealthData/FitFiles/Monitoring/2025
INFO:root:get_monitoring_day: 2025-04-14 to /tmp/tmpz3hbc7zd
INFO:root:unzip_files: from /tmp/tmpz3hbc7zd to /home/kellen/.HealthData/FitFiles/Monitoring/2025
INFO:root:get_monitoring_day: 2025-04-15 to /tmp/tmpq7pphzhy
INFO:root:unzip_files: from /tmp/tmpq7pphzhy to /home/kellen/.HealthData/FitFiles/Monitoring/2025
INFO:root:get_monitoring_day: 2025-04-16 to /tmp/tmph6rilp21
INFO:root:unzip_files: from /tmp/tmph6rilp21 to /home/kellen/.HealthData/FitFiles/Monitoring/2025
INFO:root:get_monitoring_day: 2025-04-17 to /tmp/tmpvuqbpfm8
INFO:root:unzip_files: from /tmp/tmpvuqbpfm8 to /home/kellen/.HealthData/FitFiles/Monitoring/2025
INFO:root:get_monitoring_day: 2025-04-18 to /tmp/tmpm96xc39q
INFO:root:unzip_files: from /tmp/tmpm96xc39q to /home/kellen/.HealthData/FitFiles/Monitoring/2025
INFO:root:get_monitoring_day: 2025-04-19 to /tmp/tmpyqlgqso_
INFO:root:unzip_files: from /tmp/tmpyqlgqso_ to /home/kellen/.HealthData/FitFiles/Monitoring/2025
INFO:root:get_monitoring_day: 2025-04-20 to /tmp/tmpty40zkqo
INFO:root:unzip_files: from /tmp/tmpty40zkqo to /home/kellen/.HealthData/FitFiles/Monitoring/2025
INFO:root:get_monitoring_day: 2025-04-21 to /tmp/tmpea71yaqn
INFO:root:unzip_files: from /tmp/tmpea71yaqn to /home/kellen/.HealthData/FitFiles/Monitoring/2025
INFO:root:get_monitoring_day: 2025-04-22 to /tmp/tmp9i5c1tqa
INFO:root:unzip_files: from /tmp/tmp9i5c1tqa to /home/kellen/.HealthData/FitFiles/Monitoring/2025
INFO:root:get_monitoring_day: 2025-04-23 to /tmp/tmpf5v30c10
INFO:root:unzip_files: from /tmp/tmpf5v30c10 to /home/kellen/.HealthData/FitFiles/Monitoring/2025
INFO:root:get_monitoring_day: 2025-04-24 to /tmp/tmp048j4ih6
INFO:root:unzip_files: from /tmp/tmp048j4ih6 to /home/kellen/.HealthData/FitFiles/Monitoring/2025
INFO:root:get_monitoring_day: 2025-04-25 to /tmp/tmpct2wo2h0
INFO:root:unzip_files: from /tmp/tmpct2wo2h0 to /home/kellen/.HealthData/FitFiles/Monitoring/2025
INFO:root:get_monitoring_day: 2025-04-26 to /tmp/tmpmfeyh_5h
INFO:root:unzip_files: from /tmp/tmpmfeyh_5h to /home/kellen/.HealthData/FitFiles/Monitoring/2025
INFO:root:get_monitoring_day: 2025-04-27 to /tmp/tmpe4uhamag
INFO:root:unzip_files: from /tmp/tmpe4uhamag to /home/kellen/.HealthData/FitFiles/Monitoring/2025
INFO:root:get_monitoring_day: 2025-04-28 to /tmp/tmpfvjxu1yx
INFO:root:unzip_files: from /tmp/tmpfvjxu1yx to /home/kellen/.HealthData/FitFiles/Monitoring/2025
INFO:root:get_monitoring_day: 2025-04-29 to /tmp/tmpq89delqz
INFO:root:unzip_files: from /tmp/tmpq89delqz to /home/kellen/.HealthData/FitFiles/Monitoring/2025
INFO:root:get_monitoring_day: 2025-04-30 to /tmp/tmpdhtmek02
INFO:root:unzip_files: from /tmp/tmpdhtmek02 to /home/kellen/.HealthData/FitFiles/Monitoring/2025
INFO:root:get_monitoring_day: 2025-05-01 to /tmp/tmpq_95g4bo
INFO:root:unzip_files: from /tmp/tmpq_95g4bo to /home/kellen/.HealthData/FitFiles/Monitoring/2025
INFO:root:get_monitoring_day: 2025-05-02 to /tmp/tmp_rbs88da
INFO:root:unzip_files: from /tmp/tmp_rbs88da to /home/kellen/.HealthData/FitFiles/Monitoring/2025
INFO:root:get_monitoring_day: 2025-05-03 to /tmp/tmpk2alte6r
INFO:root:unzip_files: from /tmp/tmpk2alte6r to /home/kellen/.HealthData/FitFiles/Monitoring/2025
INFO:root:get_monitoring_day: 2025-05-04 to /tmp/tmpfea00yng
INFO:root:unzip_files: from /tmp/tmpfea00yng to /home/kellen/.HealthData/FitFiles/Monitoring/2025
INFO:root:get_monitoring_day: 2025-05-05 to /tmp/tmpk8df6p6t
INFO:root:unzip_files: from /tmp/tmpk8df6p6t to /home/kellen/.HealthData/FitFiles/Monitoring/2025
INFO:root:get_monitoring_day: 2025-05-06 to /tmp/tmpcy5se5q0
INFO:root:unzip_files: from /tmp/tmpcy5se5q0 to /home/kellen/.HealthData/FitFiles/Monitoring/2025
INFO:root:get_monitoring_day: 2025-05-07 to /tmp/tmpd2qxg5vm
INFO:root:unzip_files: from /tmp/tmpd2qxg5vm to /home/kellen/.HealthData/FitFiles/Monitoring/2025
INFO:root:get_monitoring_day: 2025-05-08 to /tmp/tmpc08hjhvq
INFO:root:unzip_files: from /tmp/tmpc08hjhvq to /home/kellen/.HealthData/FitFiles/Monitoring/2025
INFO:root:get_monitoring_day: 2025-05-09 to /tmp/tmp0hbdnkvk
INFO:root:unzip_files: from /tmp/tmp0hbdnkvk to /home/kellen/.HealthData/FitFiles/Monitoring/2025
INFO:root:get_monitoring_day: 2025-05-10 to /tmp/tmpn8hrameq
INFO:root:unzip_files: from /tmp/tmpn8hrameq to /home/kellen/.HealthData/FitFiles/Monitoring/2025
INFO:root:get_monitoring_day: 2025-05-11 to /tmp/tmpvl7c1mcj
INFO:root:unzip_files: from /tmp/tmpvl7c1mcj to /home/kellen/.HealthData/FitFiles/Monitoring/2025
INFO:root:get_monitoring_day: 2025-05-12 to /tmp/tmplcefj74c
INFO:root:unzip_files: from /tmp/tmplcefj74c to /home/kellen/.HealthData/FitFiles/Monitoring/2025
INFO:root:get_monitoring_day: 2025-05-13 to /tmp/tmpu50mcjz7
INFO:root:unzip_files: from /tmp/tmpu50mcjz7 to /home/kellen/.HealthData/FitFiles/Monitoring/2025
INFO:root:get_monitoring_day: 2025-05-14 to /tmp/tmpnt2vbw58
INFO:root:unzip_files: from /tmp/tmpnt2vbw58 to /home/kellen/.HealthData/FitFiles/Monitoring/2025
INFO:root:get_monitoring_day: 2025-05-15 to /tmp/tmpguft3886
INFO:root:unzip_files: from /tmp/tmpguft3886 to /home/kellen/.HealthData/FitFiles/Monitoring/2025
INFO:root:get_monitoring_day: 2025-05-16 to /tmp/tmpubuthjhy
INFO:root:unzip_files: from /tmp/tmpubuthjhy to /home/kellen/.HealthData/FitFiles/Monitoring/2025
INFO:root:get_monitoring_day: 2025-05-17 to /tmp/tmpllkoet5j
INFO:root:unzip_files: from /tmp/tmpllkoet5j to /home/kellen/.HealthData/FitFiles/Monitoring/2025
INFO:root:get_monitoring_day: 2025-05-18 to /tmp/tmpy18jfgj1
INFO:root:unzip_files: from /tmp/tmpy18jfgj1 to /home/kellen/.HealthData/FitFiles/Monitoring/2025
INFO:root:get_monitoring_day: 2025-05-19 to /tmp/tmpbe2p34x9
INFO:root:unzip_files: from /tmp/tmpbe2p34x9 to /home/kellen/.HealthData/FitFiles/Monitoring/2025
INFO:root:get_monitoring_day: 2025-05-20 to /tmp/tmp1zu5ppm5
INFO:root:unzip_files: from /tmp/tmp1zu5ppm5 to /home/kellen/.HealthData/FitFiles/Monitoring/2025
INFO:root:get_monitoring_day: 2025-05-21 to /tmp/tmpdrwaovcl
INFO:root:unzip_files: from /tmp/tmpdrwaovcl to /home/kellen/.HealthData/FitFiles/Monitoring/2025
INFO:root:get_monitoring_day: 2025-05-22 to /tmp/tmphun2qil_
INFO:root:unzip_files: from /tmp/tmphun2qil_ to /home/kellen/.HealthData/FitFiles/Monitoring/2025
INFO:root:get_monitoring_day: 2025-05-23 to /tmp/tmpykxtn399
INFO:root:unzip_files: from /tmp/tmpykxtn399 to /home/kellen/.HealthData/FitFiles/Monitoring/2025
INFO:root:get_monitoring_day: 2025-05-24 to /tmp/tmpu5c_rfwv
INFO:root:unzip_files: from /tmp/tmpu5c_rfwv to /home/kellen/.HealthData/FitFiles/Monitoring/2025
INFO:root:get_monitoring_day: 2025-05-25 to /tmp/tmpnci4iqt8
INFO:root:unzip_files: from /tmp/tmpnci4iqt8 to /home/kellen/.HealthData/FitFiles/Monitoring/2025
INFO:root:get_monitoring_day: 2025-05-26 to /tmp/tmpikhv7vip
INFO:root:unzip_files: from /tmp/tmpikhv7vip to /home/kellen/.HealthData/FitFiles/Monitoring/2025
INFO:root:get_monitoring_day: 2025-05-27 to /tmp/tmpf7k5hngs
INFO:root:unzip_files: from /tmp/tmpf7k5hngs to /home/kellen/.HealthData/FitFiles/Monitoring/2025
INFO:root:get_monitoring_day: 2025-05-28 to /tmp/tmpyy33dkb9
INFO:root:unzip_files: from /tmp/tmpyy33dkb9 to /home/kellen/.HealthData/FitFiles/Monitoring/2025
INFO:root:get_monitoring_day: 2025-05-29 to /tmp/tmpxmcu0_ws
INFO:root:unzip_files: from /tmp/tmpxmcu0_ws to /home/kellen/.HealthData/FitFiles/Monitoring/2025
INFO:root:get_monitoring_day: 2025-05-30 to /tmp/tmp8nu_rbdx
INFO:root:unzip_files: from /tmp/tmp8nu_rbdx to /home/kellen/.HealthData/FitFiles/Monitoring/2025
INFO:root:get_monitoring_day: 2025-05-31 to /tmp/tmpxutcunon
INFO:root:unzip_files: from /tmp/tmpxutcunon to /home/kellen/.HealthData/FitFiles/Monitoring/2025
INFO:root:get_monitoring_day: 2025-06-01 to /tmp/tmpggeuy7o_
INFO:root:unzip_files: from /tmp/tmpggeuy7o_ to /home/kellen/.HealthData/FitFiles/Monitoring/2025
INFO:root:get_monitoring_day: 2025-06-02 to /tmp/tmprbczu228
INFO:root:unzip_files: from /tmp/tmprbczu228 to /home/kellen/.HealthData/FitFiles/Monitoring/2025
INFO:root:get_monitoring_day: 2025-06-03 to /tmp/tmp9n76_3sp
INFO:root:unzip_files: from /tmp/tmp9n76_3sp to /home/kellen/.HealthData/FitFiles/Monitoring/2025
INFO:root:get_monitoring_day: 2025-06-04 to /tmp/tmpqchybwoz
INFO:root:unzip_files: from /tmp/tmpqchybwoz to /home/kellen/.HealthData/FitFiles/Monitoring/2025
INFO:root:get_monitoring_day: 2025-06-05 to /tmp/tmp2jzecqog
INFO:root:unzip_files: from /tmp/tmp2jzecqog to /home/kellen/.HealthData/FitFiles/Monitoring/2025
INFO:root:get_monitoring_day: 2025-06-06 to /tmp/tmpn7whbsn4
INFO:root:unzip_files: from /tmp/tmpn7whbsn4 to /home/kellen/.HealthData/FitFiles/Monitoring/2025
INFO:root:get_monitoring_day: 2025-06-07 to /tmp/tmpc14oikhk
INFO:root:unzip_files: from /tmp/tmpc14oikhk to /home/kellen/.HealthData/FitFiles/Monitoring/2025
INFO:root:get_monitoring_day: 2025-06-08 to /tmp/tmp_7asuhfh
INFO:root:unzip_files: from /tmp/tmp_7asuhfh to /home/kellen/.HealthData/FitFiles/Monitoring/2025
INFO:root:get_monitoring_day: 2025-06-09 to /tmp/tmpbavx7uuk
INFO:root:unzip_files: from /tmp/tmpbavx7uuk to /home/kellen/.HealthData/FitFiles/Monitoring/2025
INFO:root:get_monitoring_day: 2025-06-10 to /tmp/tmpj7rr90hk
INFO:root:unzip_files: from /tmp/tmpj7rr90hk to /home/kellen/.HealthData/FitFiles/Monitoring/2025
INFO:root:get_monitoring_day: 2025-06-11 to /tmp/tmpcz8twqkg
INFO:root:unzip_files: from /tmp/tmpcz8twqkg to /home/kellen/.HealthData/FitFiles/Monitoring/2025
INFO:root:get_monitoring_day: 2025-06-12 to /tmp/tmp7huxucp5
INFO:root:unzip_files: from /tmp/tmp7huxucp5 to /home/kellen/.HealthData/FitFiles/Monitoring/2025
INFO:root:get_monitoring_day: 2025-06-13 to /tmp/tmpf7vzbxif
INFO:root:unzip_files: from /tmp/tmpf7vzbxif to /home/kellen/.HealthData/FitFiles/Monitoring/2025
INFO:root:get_monitoring_day: 2025-06-14 to /tmp/tmpp3us25dc
INFO:root:unzip_files: from /tmp/tmpp3us25dc to /home/kellen/.HealthData/FitFiles/Monitoring/2025
INFO:root:get_monitoring_day: 2025-06-15 to /tmp/tmpgqwpad9o
INFO:root:unzip_files: from /tmp/tmpgqwpad9o to /home/kellen/.HealthData/FitFiles/Monitoring/2025
INFO:root:get_monitoring_day: 2025-06-16 to /tmp/tmplss3xhqs
INFO:root:unzip_files: from /tmp/tmplss3xhqs to /home/kellen/.HealthData/FitFiles/Monitoring/2025
INFO:root:get_monitoring_day: 2025-06-17 to /tmp/tmp8fwrzbiv
INFO:root:unzip_files: from /tmp/tmp8fwrzbiv to /home/kellen/.HealthData/FitFiles/Monitoring/2025
INFO:root:get_monitoring_day: 2025-06-18 to /tmp/tmpso8j5d59
INFO:root:unzip_files: from /tmp/tmpso8j5d59 to /home/kellen/.HealthData/FitFiles/Monitoring/2025
INFO:root:get_monitoring_day: 2025-06-19 to /tmp/tmpwqja_oiu
INFO:root:unzip_files: from /tmp/tmpwqja_oiu to /home/kellen/.HealthData/FitFiles/Monitoring/2025
INFO:root:get_monitoring_day: 2025-06-20 to /tmp/tmp_i3r0u55
INFO:root:unzip_files: from /tmp/tmp_i3r0u55 to /home/kellen/.HealthData/FitFiles/Monitoring/2025
INFO:root:get_monitoring_day: 2025-06-21 to /tmp/tmplx9nx6c6
INFO:root:unzip_files: from /tmp/tmplx9nx6c6 to /home/kellen/.HealthData/FitFiles/Monitoring/2025
INFO:root:Saved monitoring files for 2024-12-31 (173) to /home/kellen/.HealthData/FitFiles/Monitoring for processing
INFO:idbutils.db_object:Found time_col_name timestamp for table Attributes
INFO:idbutils.db_object:Found time_col_name timestamp for table Device
INFO:/home/kellen/Projects/dotfiles/.local/opt/lifelog/garmindb/garmindb_cli.py:Downloading all sleep data from: 2024-12-31 [173]
INFO:root:Date range to update: 2024-12-31 (173) to /home/kellen/.HealthData/Sleep
INFO:root:Getting sleep: 2024-12-31 (173)
INFO:root:Saved sleep files for 2024-12-31 (173) to /home/kellen/.HealthData/Sleep for processing
INFO:/home/kellen/Projects/dotfiles/.local/opt/lifelog/garmindb/garmindb_cli.py:Downloading all rhr data from: 2024-12-31 [173]
INFO:root:Date range to update: 2024-12-31 (173) to /home/kellen/.HealthData/RHR
INFO:root:Getting rhr: 2024-12-31 (173)
INFO:root:Saved rhr files for 2024-12-31 (173) to /home/kellen/.HealthData/RHR for processing
